Spider v2 closed external-airframe CFD derivative
Plane 0 actual (0.0, 0.0, 0.0)
NACA section 0 profiles 1
Plane -175.5 actual (0.0, -17.55, 0.0)
NACA section -175.5 profiles 1
Plane -351.0 actual (0.0, -35.1, 0.0)
NACA section -351.0 profiles 1
Plane -526.5 actual (0.0, -52.650000000000006, 0.0)
NACA section -526.5 profiles 1
Plane -702.0 actual (0.0, -70.2, 0.0)
NACA section -702.0 profiles 1
Plane -877.5 actual (0.0, -87.75, 0.0)
NACA section -877.5 profiles 1
Plane -1053.0 actual (0.0, -105.30000000000001, 0.0)
NACA section -1053.0 profiles 1
Plane 0 actual (0.0, 0.0, 0.0)
NACA section 0 profiles 1
Plane 175.5 actual (0.0, 17.55, 0.0)
NACA section 175.5 profiles 1
Plane 351.0 actual (0.0, 35.1, 0.0)
NACA section 351.0 profiles 1
Plane 526.5 actual (0.0, 52.650000000000006, 0.0)
NACA section 526.5 profiles 1
Plane 702.0 actual (0.0, 70.2, 0.0)
NACA section 702.0 profiles 1
Plane 877.5 actual (0.0, 87.75, 0.0)
NACA section 877.5 profiles 1
Plane 1053.0 actual (0.0, 105.30000000000001, 0.0)
NACA section 1053.0 profiles 1
Plane 0 actual (0.0, 0.0, 0.0)
NACA section 0 profiles 1
Plane -85 actual (0.0, -8.5, 0.0)
NACA section -85 profiles 1
Plane -170 actual (0.0, -17.0, 0.0)
NACA section -170 profiles 1
Plane -255 actual (0.0, -25.5, 0.0)
NACA section -255 profiles 1
Plane -340 actual (0.0, -34.0, 0.0)
NACA section -340 profiles 1
Plane 0 actual (0.0, 0.0, 0.0)
NACA section 0 profiles 1
Plane 85 actual (0.0, 8.5, 0.0)
NACA section 85 profiles 1
Plane 170 actual (0.0, 17.0, 0.0)
NACA section 170 profiles 1
Plane 255 actual (0.0, 25.5, 0.0)
NACA section 255 profiles 1
Plane 340 actual (0.0, 34.0, 0.0)
NACA section 340 profiles 1
Plane 40 actual (0.0, 0.0, 4.0)
NACA section 40 profiles 1
Plane 125.0 actual (0.0, 0.0, 12.5)
NACA section 125.0 profiles 1
Plane 210.0 actual (0.0, 0.0, 21.0)
NACA section 210.0 profiles 1
Plane 295.0 actual (0.0, 0.0, 29.5)
NACA section 295.0 profiles 1
Plane 380 actual (0.0, 0.0, 38.0)
NACA section 380 profiles 1
SUCCESS
